24 19 0 5 25 13 0 120 12 13 11 23 15 -1 13 0 1 1 0 2 12 13 0 1 1 11 22 21 2