24 19 0 5 25 13 0 20 12 13 13 11 0 1 1 12 15 -1 13 11 22 15 -1 13 13 11 0 1 2 12 15 -1 13 11 22 15 -1 13 13 11 0 1 1 12 15 -1 13 11 22 15 -1 13 13 11 0 1 2 12 15 -1 13 11 22 15 -1 13 0 1 1 0 2 12 15 1 13 0 2 1 0 10 12 15 -1 13 0 2 1 13 0 2 1 11 13 0 1 1 11 3 12 15 -1 13 0 2 1 11 22 15 -1 13 0 2 1 13 0 2 1 11 13 0 1 1 11 4 12 15 -1 13 0 2 1 11 22 15 -1 13 0 3 1 0 8 12 13 0 2 1 13 0 2 1 11 13 0 3 1 11 5 12 15 -1 13 0 2 1 11 22 21 4