24 19 0 5 25 13 0 5 12 15 1 13 0 1 1 13 11 13 0 1 1 0 1 12 16 33 13 0 1 1 0 2 12 10 7 12 15 -1 13 0 1 1 11 22 21 2